2026-03-13 11:09:15,289 - ingest.ingest_worker - INFO - ============================================================
2026-03-13 11:09:15,290 - ingest.ingest_worker - INFO - TEAM-GRADE Ingestion Worker Started
2026-03-13 11:09:15,290 - ingest.ingest_worker - INFO - Log file: logs\ingest.log
2026-03-13 11:09:15,290 - ingest.ingest_worker - INFO - ============================================================
2026-03-13 11:09:15,290 - ingest.youtube_downloader - INFO - Initialized downloader with output dir: raw_videos
2026-03-13 11:09:17,228 - ingest.firestore_client - INFO - Initializing Firestore client for project: the-bridge-athletics1
2026-03-13 11:09:29,334 - ingest.firestore_client - ERROR - Failed to initialize Firestore: Your default credentials were not found. To set up Application Default Credentials, see https://cloud.google.com/docs/authentication/external/set-up-adc for more information.
2026-03-13 11:09:29,335 - ingest.ingest_worker - ERROR - Failed to initialize Firestore: Firestore initialization failed: Your default credentials were not found. To set up Application Default Credentials, see https://cloud.google.com/docs/authentication/external/set-up-adc for more information.
2026-03-13 11:09:29,339 - ingest.firestore_client - INFO - Initializing Firestore client for project: the-bridge-athletics1
2026-03-13 11:20:04,932 - ingest.ingest_worker - INFO - ============================================================
2026-03-13 11:20:04,932 - ingest.ingest_worker - INFO - TEAM-GRADE Ingestion Worker Started
2026-03-13 11:20:04,932 - ingest.ingest_worker - INFO - Log file: logs\ingest.log
2026-03-13 11:20:04,932 - ingest.ingest_worker - INFO - ============================================================
2026-03-13 11:20:04,932 - ingest.youtube_downloader - INFO - Initialized downloader with output dir: raw_videos
2026-03-13 11:20:05,921 - ingest.firestore_client - INFO - Initializing Firestore client for project: the-bridge-athletics1
2026-03-13 11:20:18,133 - ingest.firestore_client - ERROR - Failed to initialize Firestore: Your default credentials were not found. To set up Application Default Credentials, see https://cloud.google.com/docs/authentication/external/set-up-adc for more information.
2026-03-13 11:20:18,133 - ingest.ingest_worker - ERROR - Failed to initialize Firestore: Firestore initialization failed: Your default credentials were not found. To set up Application Default Credentials, see https://cloud.google.com/docs/authentication/external/set-up-adc for more information.
2026-03-13 11:20:18,139 - ingest.firestore_client - INFO - Initializing Firestore client for project: the-bridge-athletics1
2026-03-13 11:20:29,136 - ingest.ingest_worker - INFO - ============================================================
2026-03-13 11:20:29,138 - ingest.ingest_worker - INFO - TEAM-GRADE Ingestion Worker Started
2026-03-13 11:20:29,138 - ingest.ingest_worker - INFO - Log file: logs\ingest.log
2026-03-13 11:20:29,138 - ingest.ingest_worker - INFO - ============================================================
2026-03-13 11:20:29,138 - ingest.youtube_downloader - INFO - Initialized downloader with output dir: raw_videos
2026-03-13 11:20:29,671 - ingest.firestore_client - INFO - Initializing Firestore client for project: the-bridge-athletics1
2026-03-13 11:20:41,720 - ingest.firestore_client - ERROR - Failed to initialize Firestore: Your default credentials were not found. To set up Application Default Credentials, see https://cloud.google.com/docs/authentication/external/set-up-adc for more information.
2026-03-13 11:20:41,723 - ingest.ingest_worker - ERROR - Failed to initialize Firestore: Firestore initialization failed: Your default credentials were not found. To set up Application Default Credentials, see https://cloud.google.com/docs/authentication/external/set-up-adc for more information.
2026-03-13 11:20:41,739 - ingest.firestore_client - INFO - Initializing Firestore client for project: the-bridge-athletics1
